
> unikuo-plataform-frontend@0.0.0 build
> tsc -b && vite build

src/components/CategoriesList/CategoriesList.tsx(3,1): error TS6133: 'CategoryForm' is declared but its value is never read.
src/components/CategoriesList/CategoriesList.tsx(10,10): error TS6133: 'showCreateForm' is declared but its value is never read.
src/components/CategoriesList/CategoriesList.tsx(10,26): error TS6133: 'setShowCreateForm' is declared but its value is never read.
src/components/Dashboard/Dashboard.tsx(28,19): error TS2339: Property 'tenant_id' does not exist on type 'User'.
src/components/Dashboard/Dashboard.tsx(43,24): error TS2551: Property 'getProducts' does not exist on type 'ApiService'. Did you mean 'getProductos'?
src/components/Dashboard/Dashboard.tsx(44,24): error TS2551: Property 'getCategories' does not exist on type 'ApiService'. Did you mean 'getCategorias'?
src/components/Dashboard/Dashboard.tsx(85,37): error TS2339: Property 'name' does not exist on type '{ id: string; nombre: string; descripcion?: string | undefined; }'.
src/components/Dashboard/Dashboard.tsx(106,44): error TS2339: Property 'first_name' does not exist on type 'User'.
src/components/Dashboard/Dashboard.tsx(106,63): error TS2339: Property 'last_name' does not exist on type 'User'.
src/components/Dashboard/Dashboard.tsx(109,61): error TS2339: Property 'name' does not exist on type '{ id: string; nombre: string; descripcion?: string | undefined; }'.
src/components/Dashboard/Dashboard.tsx(111,16): error TS2339: Property 'tenant_id' does not exist on type 'User'.
src/components/Dashboard/Dashboard.tsx(112,48): error TS2339: Property 'tenant_id' does not exist on type 'User'.
src/components/Layout/AdminLayout/AdminLayout.tsx(296,26): error TS2339: Property 'first_name' does not exist on type 'User'.
src/components/Layout/AdminLayout/AdminLayout.tsx(296,45): error TS2339: Property 'last_name' does not exist on type 'User'.
src/components/Layout/AdminLayout/AdminLayout.tsx(300,44): error TS2339: Property 'name' does not exist on type '{ id: string; nombre: string; descripcion?: string | undefined; }'.
src/components/MeasureTypeForm/MeasureTypeForm.tsx(73,55): error TS2345: Argument of type '{ name: string; description: string | undefined; unit: string | undefined; active: boolean; }' is not assignable to parameter of type '{ nombre: string; descripcion?: string | undefined; unidad?: string | undefined; activo?: boolean | undefined; }'.
  Property 'nombre' is missing in type '{ name: string; description: string | undefined; unit: string | undefined; active: boolean; }' but required in type '{ nombre: string; descripcion?: string | undefined; unidad?: string | undefined; activo?: boolean | undefined; }'.
src/components/ProductForm/ProductForm.tsx(3,26): error TS6196: 'Producto' is declared but never used.
src/components/ProductsList/ProductsList.tsx(35,41): error TS2551: Property 'getProducts' does not exist on type 'ApiService'. Did you mean 'getProductos'?
src/components/ProductsList/ProductsList.tsx(55,41): error TS2551: Property 'deleteProduct' does not exist on type 'ApiService'. Did you mean 'deleteProducto'?
src/components/Register/Register.tsx(80,9): error TS2353: Object literal may only specify known properties, and 'first_name' does not exist in type '{ email: string; password: string; nombre: string; apellido: string; rolesIds?: string[] | undefined; }'.
src/components/RoleForm/RoleForm.tsx(88,37): error TS2339: Property 'updateRole' does not exist on type 'ApiService'.
src/components/RoleForm/RoleForm.tsx(90,37): error TS2551: Property 'createRole' does not exist on type 'ApiService'. Did you mean 'createSale'?
src/components/SizeForm/SizeForm.tsx(99,48): error TS2345: Argument of type '{ name: string; size_type_id: string; order_index: number; }' is not assignable to parameter of type '{ tipo_talle_id: string; nombre: string; orden?: number | undefined; }'.
  Type '{ name: string; size_type_id: string; order_index: number; }' is missing the following properties from type '{ tipo_talle_id: string; nombre: string; orden?: number | undefined; }': tipo_talle_id, nombre
src/components/SizeTypeForm/SizeTypeForm.tsx(68,52): error TS2345: Argument of type '{ name: string; description: string | undefined; active: boolean; }' is not assignable to parameter of type '{ nombre: string; descripcion?: string | undefined; activo?: boolean | undefined; }'.
  Property 'nombre' is missing in type '{ name: string; description: string | undefined; active: boolean; }' but required in type '{ nombre: string; descripcion?: string | undefined; activo?: boolean | undefined; }'.
src/hooks/useSales.ts(65,47): error TS2551: Property 'getProducts' does not exist on type 'ApiService'. Did you mean 'getProductos'?
src/pages/Admin/Dashboard/Dashboard.tsx(18,22): error TS2551: Property 'getProducts' does not exist on type 'ApiService'. Did you mean 'getProductos'?
src/pages/Admin/Dashboard/Dashboard.tsx(19,22): error TS2551: Property 'getCategories' does not exist on type 'ApiService'. Did you mean 'getCategorias'?
src/pages/Admin/Roles/Roles.tsx(81,24): error TS2339: Property 'deleteRole' does not exist on type 'ApiService'.
src/pages/Admin/Sizes/Sizes.tsx(10,18): error TS6133: 'FaCheck' is declared but its value is never read.
src/pages/Admin/Sizes/Sizes.tsx(10,27): error TS6133: 'FaTimes' is declared but its value is never read.
src/routing/AdminRoute.tsx(28,44): error TS2339: Property 'name' does not exist on type '{ id: string; nombre: string; descripcion?: string | undefined; }'.
